2026-08-04 22:24:32 | INFO     | Iniciando pipeline de automatización de análisis de ventas.
2026-08-04 22:24:32 | INFO     | Generando datasets...
2026-08-04 22:25:11 | INFO     | Datasets generados correctamente.
2026-08-04 22:25:11 | INFO     | Cargando datos en SQL Server...
2026-08-04 22:25:43 | INFO     | Base de datos actualizada correctamente.
2026-08-04 22:25:43 | INFO     | Validando carga de datos en SQL Server...
2026-08-04 22:25:43 | INFO     | Validación completada.
2026-08-04 22:25:43 | INFO     | Pipeline finalizado correctamente.
2026-08-06 17:29:24 | INFO     | Iniciando pipeline de automatización de análisis de ventas.
2026-08-06 17:29:24 | INFO     | Generando datasets...
2026-08-06 17:30:07 | INFO     | Datasets generados correctamente.
2026-08-06 17:30:07 | INFO     | Cargando datos en SQL Server...
2026-08-06 17:30:46 | INFO     | Base de datos actualizada correctamente.
2026-08-06 17:30:46 | INFO     | Validando carga de datos en SQL Server...
2026-08-06 17:30:46 | INFO     | Validación completada.
2026-08-06 17:30:46 | INFO     | Pipeline finalizado correctamente.
2026-08-06 18:26:53 | INFO     | Iniciando pipeline de automatización de análisis de ventas.
2026-08-06 18:26:53 | INFO     | Generando datasets...
2026-08-06 18:27:32 | INFO     | Datasets generados correctamente.
2026-08-06 18:27:32 | INFO     | Cargando datos en SQL Server...
2026-08-06 18:28:05 | INFO     | Base de datos actualizada correctamente.
2026-08-06 18:28:05 | INFO     | Validando carga de datos en SQL Server...
2026-08-06 18:28:05 | INFO     | Validación completada.
2026-08-06 18:28:05 | INFO     | Pipeline finalizado correctamente.
2026-08-08 18:10:35 | INFO     | Iniciando pipeline de automatización de análisis de ventas.
2026-08-08 18:10:35 | INFO     | Generando datasets...
2026-08-08 18:11:13 | INFO     | Datasets generados correctamente.
2026-08-08 18:11:13 | INFO     | Cargando datos en SQL Server...
2026-08-08 18:11:41 | INFO     | Base de datos actualizada correctamente.
2026-08-08 18:11:41 | INFO     | Validando carga de datos en SQL Server...
2026-08-08 18:11:42 | INFO     | Validación completada.
2026-08-08 18:11:42 | INFO     | Pipeline finalizado correctamente.
